 gcc -g p2final.c
 gdb a.out
GNU gdb (Ubuntu 8.1.1-0ubuntu1) 8.1.1
Copyright (C) 2018 Free Software Foundation, Inc.
License GPLv3+: GNU GPL version 3 or later <http://gnu.org/licenses/gpl.html>
This is free software: you are free to change and redistribute it.
There is NO WARRANTY, to the extent permitted by law.  Type "show copying"
and "show warranty" for details.
This GDB was configured as "x86_64-linux-gnu".
Type "show configuration" for configuration details.
For bug reporting instructions, please see:
<http://www.gnu.org/software/gdb/bugs/>.
Find the GDB manual and other documentation resources online at:
<http://www.gnu.org/software/gdb/documentation/>.
For help, type "help".
Type "apropos word" to search for commands related to "word"...
Reading symbols from a.out...done.
(gdb) b main 
Breakpoint 1 at 0x71e: file p2final.c, line 6.
(gdb) r
Starting program: /home/runner/pps-test1-PintaRam-8/a.out 
warning: Error disabling address space randomization: Operation not permitted

Breakpoint 1, main () at p2final.c:6
6     add();
(gdb) s
add () at p2final.c:11
11  {
(gdb) n
14  printf("enter the value of num1=");
(gdb) n
15  scanf("%d",&num1);
(gdb) n
enter the value of num1=56
16  printf("enter the value of num2=");
(gdb) n
17  scanf("%f",&num2);
(gdb) n
enter the value of num2=45
18  sum = num1 + num2;
(gdb) n
19  printf("addition of %d+%f is=%f\n",num1,num2,sum);
(gdb) n
addition of 56+45.000000 is=101.000000
20  return 0;
(gdb) n
21  }
(gdb) n
main () at p2final.c:7
7     return 0;
(gdb) n
8   }
(gdb) n
__libc_start_main (main=0x55834c00071a <main>, argc=1, argv=0x7ffca78695b8, 
    init=<optimized out>, fini=<optimized out>, rtld_fini=<optimized out>, 
    stack_end=0x7ffca78695a8) at ../csu/libc-start.c:344
344 ../csu/libc-start.c: No such file or directory.
(gdb) q
A debugging session is active.

    Inferior 1 [process 479] will be killed.

Quit anyway? (y or n) y
 